// Jest Snapshot v1, https://goo.gl/fbAQLP

exports[`renders with redux 1`] = `[Function]`;
